// Jest Snapshot v1, https://goo.gl/fbAQLP

exports[`Pagination should render correctly 1`] = `
<div>
  <nav>
    <ul
      className="pagination"
    >
      <li
        className="page-item"
        key="1"
      >
        <a
          className="page-link"
          href="#1"
          onClick={[Function]}
        >
          1
        </a>
      </li>
      <li
        className="page-item"
        key="2"
      >
        <a
          className="page-link"
          href="#2"
          onClick={[Function]}
        >
          2
        </a>
      </li>
      <li
        className="page-item"
        key="3"
      >
        <a
          className="page-link"
          href="#3"
          onClick={[Function]}
        >
          3
        </a>
      </li>
      <li
        className="page-item"
        key="4"
      >
        <a
          className="page-link"
          href="#4"
          onClick={[Function]}
        >
          4
        </a>
      </li>
      <li
        className="page-item"
        key="5"
      >
        <a
          className="page-link"
          href="#5"
          onClick={[Function]}
        >
          5
        </a>
      </li>
      <li
        className="page-item"
        key="6"
      >
        <a
          className="page-link"
          href="#6"
          onClick={[Function]}
        >
          6
        </a>
      </li>
      <li
        className="page-item"
        key="7"
      >
        <a
          className="page-link"
          href="#7"
          onClick={[Function]}
        >
          7
        </a>
      </li>
      <li
        className="page-item"
        key="8"
      >
        <a
          className="page-link"
          href="#8"
          onClick={[Function]}
        >
          8
        </a>
      </li>
    </ul>
  </nav>
</div>
`;
