// Jest Snapshot v1, https://goo.gl/fbAQLP

exports[`Pagination should render correctly 1`] = `
<div>
  <nav>
    <ul
      className="pagination"
    >
      <PaginationItem
        btState="disabled"
        itemName={<PreviousPageButton />}
        onChangePage={[Function]}
        pageNumber={0}
      />
      <PaginationItem
        btState="active"
        itemName={1}
        key="1"
        onChangePage={[MockFunction]}
        pageNumber={1}
      />
      <PaginationItem
        btState=""
        itemName={2}
        key="2"
        onChangePage={[MockFunction]}
        pageNumber={2}
      />
      <PaginationItem
        btState=""
        itemName={3}
        key="3"
        onChangePage={[MockFunction]}
        pageNumber={3}
      />
      <PaginationItem
        btState=""
        itemName={4}
        key="4"
        onChangePage={[MockFunction]}
        pageNumber={4}
      />
      <PaginationItem
        btState=""
        itemName={5}
        key="5"
        onChangePage={[MockFunction]}
        pageNumber={5}
      />
      <PaginationItem
        btState=""
        itemName={6}
        key="6"
        onChangePage={[MockFunction]}
        pageNumber={6}
      />
      <PaginationItem
        btState=""
        itemName={7}
        key="7"
        onChangePage={[MockFunction]}
        pageNumber={7}
      />
      <PaginationItem
        btState=""
        itemName={8}
        key="8"
        onChangePage={[MockFunction]}
        pageNumber={8}
      />
      <PaginationItem
        btState=""
        itemName={<NextPageButton />}
        onChangePage={[MockFunction]}
        pageNumber={2}
      />
    </ul>
  </nav>
</div>
`;
