// Jest Snapshot v1, https://goo.gl/fbAQLP

exports[`SearchInput should render correctly given the required props 1`] = `
<label
  className="search-field"
  htmlFor="search"
>
  <input
    className="search-input"
    name="search"
    onChange={[MockFunction]}
    placeholder="Search"
    type="search"
  />
</label>
`;
